
> dd-ar-game@0.1.0 build
> vite build

[36mvite v6.4.1 [32mbuilding for production...[36m[39m
transforming...
[32mÔ£ô[39m 85 modules transformed.
node.exe : [33mGenerated an empty chunk: "supabase".[39m
No linha:1 caractere:1
+ & "C:\Program Files\nodejs/node.exe" "C:\Program Files\nodejs/node_mo ...
+ ~~~~~~~~~~~~~~~~~~~~~~~~~~~~~~~~~~~~~~~~~~~~~~~~~~~~~~~~~~~~~~~~~~~~~
    + CategoryInfo          : NotSpecified: ([33mGenerated ...supabase".[39m:String) [], Re 
   moteException
    + FullyQualifiedErrorId : NativeCommandError
 
rendering chunks...
[33m[plugin vite:reporter] 
(!) D:/JOGOS-RA/dd/src/game/campaign-progress.js is dynamically imported by 
D:/JOGOS-RA/dd/src/main.js but also statically imported by 
D:/JOGOS-RA/dd/src/game/map-manager.js, D:/JOGOS-RA/dd/src/main.js, 
D:/JOGOS-RA/dd/src/ui/poi-ui.js, dynamic import will not move module into another chunk.
[39m
computing gzip size...
[2mdist/[22m[32mregisterSW.js                [39m[1m[2m  0.13 kB[22m[1m[22m
[2mdist/[22m[32mmanifest.webmanifest         [39m[1m[2m  0.51 kB[22m[1m[22m
[2mdist/[22m[32mindex.html                   [39m[1m[2m 25.45 kB[22m[1m[22m[2m Ôöé gzip:   5.52 kB[22m
[2mdist/[22m[35massets/index-Cn4wuEqH.css    [39m[1m[2m 52.43 kB[22m[1m[22m[2m Ôöé gzip:  13.17 kB[22m
[2mdist/[22m[36massets/supabase-l0sNRNKZ.js  [39m[1m[2m  0.00 kB[22m[1m[22m[2m Ôöé gzip:   0.02 kB[22m
[2mdist/[22m[36massets/leaflet-D6KdAsWN.js   [39m[1m[2m149.70 kB[22m[1m[22m[2m Ôöé gzip:  43.39 kB[22m
[2mdist/[22m[36massets/index-Di-ka-Yf.js     [39m[1m[2m185.06 kB[22m[1m[22m[2m Ôöé gzip:  58.33 kB[22m
[2mdist/[22m[36massets/three-CyRsu2TM.js     [39m[1m[33m557.43 kB[39m[22m[2m Ôöé gzip: 141.60 kB[22m
[33m
(!) Some chunks are larger than 500 kB after minification. Consider:
- Using dynamic import() to code-split the application
- Use build.rollupOptions.output.manualChunks to improve chunking: 
https://rollupjs.org/configuration-options/#output-manualchunks
- Adjust chunk size limit for this warning via build.chunkSizeWarningLimit.[39m
[32mÔ£ô built in 1.31s[39m

PWA v0.21.2
mode      generateSW
precache  66 entries (21655.60 KiB)
files generated
  dist/sw.js
  dist/workbox-1438e002.js
